// Jest Snapshot v1, https://goo.gl/fbAQLP

exports[`HeroesPage should render correctly 1`] = `
<div>
  <div
    class="sc-fmSAUk fOQAxs"
  >
    <div
      class="sc-qRumB dehFKr"
    />
  </div>
</div>
`;
